Agda2> (agda2-status-action "")
(agda2-info-action "*Type-checking*" "" nil)
(agda2-highlight-clear)
(agda2-info-action "*Type-checking*" "Checking DoNotEtaContractFunIntoRecord (DoNotEtaContractFunIntoRecord.agda).\n" t)
(agda2-info-action "*Type-checking*" "Finished DoNotEtaContractFunIntoRecord.\n" t)
(agda2-status-action "")
(agda2-info-action "*All Goals*" "?0 : P (λ y → x , y)\n" nil)
((last . 1) . (agda2-goals-action '(0)))
Agda2> Agda2> 