Agda2> (agda2-status-action "")
(agda2-info-action "*Type-checking*" "" nil)
(agda2-highlight-clear)
(agda2-info-action "*Type-checking*" "Checking Issue1006 (Issue1006.agda).\n" t)
(agda2-info-action "*Type-checking*" "Finished Issue1006.\n" t)
(agda2-status-action "")
(agda2-info-action "*All Goals*" "?0 : Set\n" nil)
((last . 1) . (agda2-goals-action '(0)))
Agda2> ((last . 2) . (agda2-make-case-action '("test {._ , foo} = ?")))
((last . 1) . (agda2-goals-action '(0)))
Agda2> 