Agda2> (agda2-status-action "")
(agda2-info-action "*Type-checking*" "" nil)
(agda2-highlight-clear)
(agda2-info-action "*Type-checking*" "Checking Issue903 (Issue903.agda).\n" t)
(agda2-info-action "*Type-checking*" "Finished Issue903.\n" t)
(agda2-status-action "")
(agda2-info-action "*All Goals*" "?0 : Set → Set\n?1 : ?0 T\n?2 : Set\n?3 : Id ?2 (?1 tt)\n_19 : Id (?0 T) ?1  [ at Issue903.agda:18,18-32 ]\n_20 : Id (?0 T) ?1  [ at Issue903.agda:18,18-32 ]\n" nil)
((last . 1) . (agda2-goals-action '(0 1 2 3)))
Agda2> (agda2-give-action 3 "h")
(agda2-status-action "")
(agda2-info-action "*All Goals*" "?0 : Set → Set\n?1 : ?0 T\n?2 : Set\n_19 : Id (?0 T) ?1  [ at Issue903.agda:18,18-32 ]\n_20 : Id (?0 T) ?1  [ at Issue903.agda:18,18-32 ]\n_21 : Id T (?1 tt)  [ at 1,1-2 ]\n_22 : Id T (?1 tt)  [ at 1,1-2 ]\n" nil)
((last . 1) . (agda2-goals-action '(0 1 2)))
Agda2> 