Agda2> (agda2-status-action "")
(agda2-info-action "*Type-checking*" "" nil)
(agda2-highlight-clear)
(agda2-info-action "*Type-checking*" "Checking Issue293b (Issue293b.agda).\n" t)
(agda2-info-action "*Type-checking*" "Finished Issue293b.\n" t)
(agda2-status-action "")
(agda2-info-action "*All Goals*" "?0 : P\n" nil)
((last . 1) . (agda2-goals-action '(0)))
Agda2> 