Agda2> (agda2-status-action "")
(agda2-info-action "*Type-checking*" "" nil)
(agda2-highlight-clear)
(agda2-info-action "*Type-checking*" "Checking Issue898 (Issue898.agda).\n" t)
(agda2-info-action "*Type-checking*" "Finished Issue898.\n" t)
(agda2-status-action "")
(agda2-info-action "*All Goals*" "?0 : {A : Set} → A → A\n" nil)
((last . 1) . (agda2-goals-action '(0)))
Agda2> (agda2-give-action 0 "λ { {A} x → x }")
(agda2-status-action "")
(agda2-info-action "*All Goals*" "" nil)
((last . 1) . (agda2-goals-action '()))
Agda2> 