Agda2> (agda2-status-action "")
(agda2-info-action "*Type-checking*" "" nil)
(agda2-highlight-clear)
(agda2-info-action "*Type-checking*" "Checking Issue841 (Issue841.agda).\n" t)
(agda2-info-action "*Type-checking*" "Finished Issue841.\n" t)
(agda2-status-action "")
(agda2-info-action "*All Goals*" "?0 : D\n?1 : D\n?2 : D\n?3 : D\n" nil)
((last . 1) . (agda2-goals-action '(0 1 2 3)))
Agda2> (agda2-give-action 0 "c ? ?")
((last . 3) . (agda2-next-goal))
(agda2-status-action "")
(agda2-info-action "*All Goals*" "?1 : D\n?2 : D\n?3 : D\n?4 : Set\n?5 : Set₁\n" nil)
((last . 1) . (agda2-goals-action '(5 4 1 2 3)))
Agda2> (agda2-give-action 1 "e ? ? ? ?")
((last . 3) . (agda2-next-goal))
(agda2-status-action "")
(agda2-info-action "*All Goals*" "?2 : D\n?3 : D\n?4 : Set\n?5 : Set₁\n?6 : Set\n?7 : Set₁\n?8 : Set₂\n?9 : Set₃\n" nil)
((last . 1) . (agda2-goals-action '(5 4 8 9 6 7 2 3)))
Agda2> 