Agda2> (agda2-status-action "")
(agda2-info-action "*Type-checking*" "" nil)
(agda2-highlight-clear)
(agda2-info-action "*Type-checking*" "Checking Issue589 (Issue589.agda).\n" t)
(agda2-info-action "*Type-checking*" "Finished Issue589.\n" t)
(agda2-status-action "")
(agda2-info-action "*All Goals*" "?0 : N\n" nil)
((last . 1) . (agda2-goals-action '(0)))
Agda2> (agda2-give-action 0 "(x + y)")
((last . 3) . (agda2-next-goal))
(agda2-status-action "")
(agda2-info-action "*All Goals*" "" nil)
((last . 1) . (agda2-goals-action '()))
Agda2> 