Agda2> (agda2-status-action "")
(agda2-info-action "*Type-checking*" "" nil)
(agda2-highlight-clear)
(agda2-info-action "*Type-checking*" "Checking Issue637 (Issue637.agda).\n" t)
(agda2-info-action "*Error*" "\nstack overflow" nil)
(agda2-status-action "")
Agda2> 