Agda2> (agda2-status-action "")
(agda2-info-action "*Type-checking*" "" nil)
(agda2-highlight-clear)
(agda2-info-action "*Type-checking*" "Checking Issue734a (Issue734a.agda).\n" t)
(agda2-info-action "*Type-checking*" "Finished Issue734a.\n" t)
(agda2-status-action "")
(agda2-info-action "*All Goals*" "?0 : P\n?1 : Q X\n?2 : M₂.M₁′.P X X\n" nil)
((last . 1) . (agda2-goals-action '(0 1 2)))
Agda2> Agda2> 