Agda2> (agda2-status-action "")
(agda2-info-action "*Type-checking*" "" nil)
(agda2-highlight-clear)
(agda2-info-action "*Type-checking*" "Checking Issue157b (Issue157b.agda).\n" t)
(agda2-highlight-add-annotations '(2 8 (keyword) nil) '(19 24 (keyword) nil) '(26 35 (keyword) nil) '(42 43 (symbol) nil) '(44 47 (primitivetype) nil) '(54 55 (symbol) nil) '(58 59 (symbol) nil) '(62 63 (symbol) nil) '(64 67 (primitivetype) nil) '(74 75 (symbol) nil) '(76 77 (symbol) nil) '(78 79 (symbol) nil) '(82 83 (symbol) nil) '(84 85 (symbol) nil) '(92 93 (symbol) nil))
(agda2-highlight-add-annotations '(2 8 (keyword) nil) '(9 18 (module) nil ("Issue157b.agda" . 1)) '(19 24 (keyword) nil) '(38 39 (postulate) nil ("Issue157b.agda" . 38)) '(40 41 (postulate) nil ("Issue157b.agda" . 40)) '(50 51 (postulate) nil ("Issue157b.agda" . 50)) '(56 57 (postulate) nil ("Issue157b.agda" . 38)) '(60 61 (postulate) nil ("Issue157b.agda" . 40)) '(70 73 (postulate) nil ("Issue157b.agda" . 70)) '(79 80 (bound) nil ("Issue157b.agda" . 79)) '(81 82 (bound) nil ("Issue157b.agda" . 81)) '(86 87 (postulate) nil ("Issue157b.agda" . 50)) '(88 89 (bound) nil ("Issue157b.agda" . 79)) '(90 91 (bound) nil ("Issue157b.agda" . 81)) '(94 95 (postulate) nil ("Issue157b.agda" . 50)) '(96 97 (bound) nil ("Issue157b.agda" . 81)))
(agda2-highlight-add-annotations '(38 39 (postulate) nil ("Issue157b.agda" . 38)) '(42 43 (symbol) nil) '(44 47 (primitivetype) nil))
(agda2-highlight-add-annotations '(40 41 (postulate) nil ("Issue157b.agda" . 40)))
(agda2-highlight-add-annotations '(50 51 (postulate) nil ("Issue157b.agda" . 50)) '(54 55 (symbol) nil) '(56 57 (postulate) nil ("Issue157b.agda" . 38)) '(58 59 (symbol) nil) '(60 61 (postulate) nil ("Issue157b.agda" . 40)) '(62 63 (symbol) nil) '(64 67 (primitivetype) nil))
(agda2-info-action "*Error*" "Issue157b.agda:7,29-30\nB !=< A of type Set\nwhen checking that the expression b has type A" nil)
((last . 3) . (agda2-goto '("Issue157b.agda" . 96)))
(agda2-highlight-add-annotations '(94 96 (unsolvedmeta) nil) '(96 97 (unsolvedmeta error) "Issue157b.agda:7,29-30\nB !=< A of type Set\nwhen checking that the expression b has type A"))
(agda2-status-action "")
Agda2> 