Agda2> (agda2-status-action "")
(agda2-info-action "*Type-checking*" "" nil)
(agda2-highlight-clear)
(agda2-info-action "*Type-checking*" "Checking Issue635 (Issue635.agda).\n" t)
(agda2-info-action "*Type-checking*" "Finished Issue635.\n" t)
(agda2-status-action "")
(agda2-info-action "*All Goals*" "?0 : PointedMorphism .M₁ .M₂\n" nil)
((last . 1) . (agda2-goals-action '(0)))
Agda2> ((last . 2) . (agda2-make-case-action '("f (morph f identity) = ?")))
((last . 3) . (agda2-next-goal))
((last . 1) . (agda2-goals-action '(0)))
Agda2> 