Agda2> (agda2-status-action "")
(agda2-info-action "*Type-checking*" "" nil)
(agda2-highlight-clear)
(agda2-info-action "*Type-checking*" "Checking Issue293a (Issue293a.agda).\n" t)
(agda2-info-action "*Type-checking*" "Finished Issue293a.\n" t)
(agda2-status-action "")
(agda2-info-action "*All Goals*" "?0 : (x : Carrier) → x ∙ ε ≈ x\n?1 : (x : Carrier) → x ∙ ε ≈ x\n?2 : (x : List Bool) → x ∙ ε ≈ x\n" nil)
((last . 1) . (agda2-goals-action '(0 1 2)))
Agda2> 