Agda2> (agda2-status-action "")
(agda2-info-action "*Type-checking*" "" nil)
(agda2-highlight-clear)
(agda2-info-action "*Type-checking*" "Checking Issue388 (Issue388.agda).\n" t)
(agda2-info-action "*Type-checking*" "Finished Issue388.\n" t)
(agda2-status-action "")
(agda2-info-action "*All Goals*" "?0 : Set\n" nil)
((last . 1) . (agda2-goals-action '(0)))
Agda2> Agda2> Agda2> ((last . 2) . (agda2-make-case-action '("Foo A (p .(d A)) = ?")))
((last . 1) . (agda2-goals-action '(0)))
Agda2> 