Agda2> (agda2-status-action "")
(agda2-info-action "*Type-checking*" "" nil)
(agda2-highlight-clear)
(agda2-info-action "*Type-checking*" "Checking Issue902 (Issue902.agda).\n" t)
(agda2-info-action "*Type-checking*" "Finished Issue902.\n" t)
(agda2-status-action "")
(agda2-info-action "*All Goals*" "?0 : A\n" nil)
((last . 1) . (agda2-goals-action '(0)))
Agda2> (agda2-give-action 0 "let module m = M (F A) in ?")
((last . 3) . (agda2-next-goal))
(agda2-status-action "")
(agda2-info-action "*All Goals*" "?1 : A\n" nil)
((last . 1) . (agda2-goals-action '(1)))
Agda2> 