Agda2> (agda2-status-action "")
(agda2-info-action "*Type-checking*" "" nil)
(agda2-highlight-clear)
(agda2-info-action "*Type-checking*" "Checking Issue535 (Issue535.agda).\n" t)
(agda2-info-action "*Type-checking*" "Finished Issue535.\n" t)
(agda2-status-action "")
(agda2-info-action "*All Goals*" "?0 : Vec .A n\n?1 : Vec .A n\n?2 : Vec Nat .n\n" nil)
((last . 1) . (agda2-goals-action '(0 1 2)))
Agda2> ((last . 2) . (agda2-make-case-action '("replicate {n = zero} x = ?" "replicate {n = suc n} x = ?")))
((last . 1) . (agda2-goals-action '(0 1 2)))
Agda2> ((last . 2) . (agda2-make-case-action '("replicate′ {zero} x = ?" "replicate′ {suc n} x = ?")))
((last . 1) . (agda2-goals-action '(0 1 2)))
Agda2> ((last . 2) . (agda2-make-case-action-extendlam '("x {m = zero} → ?" "x {m = suc m} → ?")))
((last . 1) . (agda2-goals-action '(0 1 2)))
Agda2> 