Agda2> (agda2-status-action "")
(agda2-info-action "*Type-checking*" "" nil)
(agda2-highlight-clear)
(agda2-info-action "*Type-checking*" "Checking SetInf (SetInf.agda).\n" t)
(agda2-info-action "*Type-checking*" "Finished SetInf.\n" t)
(agda2-status-action "")
(agda2-info-action "*All Goals*" "_3 : .Agda.Primitive.Level  [ at SetInf.agda:3,14-15 ]\n" nil)
((last . 1) . (agda2-goals-action '()))
Agda2> 